// Jest Snapshot v1, https://goo.gl/fbAQLP

exports[`DELETE /jira/configuration Delete Jira Configuration 1`] = `"jira.v0.Action"`;

exports[`DELETE /jira/configuration Delete Jira Configuration 2`] = `
Object {
  "actionSource": "web_console",
  "association": "subscription",
  "installationId": 19,
  "jiraHostname": "https://test-host.jira.com",
  "type": "destroyed",
}
`;
