// Jest Snapshot v1, https://goo.gl/fbAQLP

exports[`Frontend GitHub Configuration #post should return a 200 and install a Subscription 1`] = `"jira.v0.Action"`;

exports[`Frontend GitHub Configuration #post should return a 200 and install a Subscription 2`] = `
Object {
  "actionSource": "web_console",
  "association": "subscription",
  "githubInstallationId": 1,
  "jiraHostname": "test-jira-host",
  "type": "created",
}
`;
